IQ-TREE multicore version 2.0.7 for Linux 64-bit built Apr  1 2024
Developed by Bui Quang Minh, Nguyen Lam Tung, Olga Chernomor,
Heiko Schmidt, Dominik Schrempf, Michael Woodhams.

Host:    jagathis (AVX2, FMA3, 31 GB RAM)
Command: iqtree2 -s /home/jaga/reo_virusdb/backend/temp/phylo_nt_1764094131245.phy -m GTR+F+R10 --alrt 1000 -B 1000 -T 8 --prefix /home/jaga/reo_virusdb/backend/temp/phylo_nt_1764094131245
Seed:    916829 (Using SPRNG - Scalable Parallel Random Number Generator)
Time:    Tue Nov 25 12:08:52 2025
Kernel:  AVX+FMA - 8 threads (20 CPU cores detected)

Reading alignment file /home/jaga/reo_virusdb/backend/temp/phylo_nt_1764094131245.phy ... Phylip format detected
Alignment most likely contains DNA/RNA sequences
Alignment has 5 sequences with 3879 columns, 77 distinct patterns
159 parsimony-informative, 243 singleton sites, 3477 constant sites
                 Gap/Ambiguity  Composition  p-value
   1  TRACE-L1-000003    0.00%    passed     99.72%
   2  TRACE-L1-000004    0.00%    passed     98.12%
   3  TRACE-L1-000005    0.00%    passed     99.85%
   4  TRACE-L1-000006    0.00%    passed     98.12%
   5  TRACE-L1-000007    0.00%    passed     99.68%
****  TOTAL              0.00%  0 sequences failed composition chi2 test (p-value<5%; df=3)

Create initial parsimony tree by phylogenetic likelihood library (PLL)... 0.002 seconds
Generating 1000 samples for ultrafast bootstrap (seed: 916829)...

NOTE: 0 MB RAM (0 GB) is required!
WARNING: Number of threads seems too high for short alignments. Use -T AUTO to determine best number of threads.
Estimate model parameters (epsilon = 0.100)
1. Initial log-likelihood: -7968.202
2. Current log-likelihood: -7652.162
3. Current log-likelihood: -7651.993
Optimal log-likelihood: -7651.976
Rate parameters:  A-C: 1.36705  A-G: 11.99344  A-T: 0.54098  C-G: 0.29059  C-T: 17.60525  G-T: 1.00000
Base frequencies:  A: 0.221  C: 0.278  G: 0.221  T: 0.279
Site proportion and rates:  (0.101,0.039) (0.101,0.125) (0.100,0.226) (0.100,0.345) (0.100,0.490) (0.100,0.673) (0.099,0.918) (0.099,1.272) (0.099,1.902) (0.101,3.998)
Parameters optimization took 3 rounds (0.176 sec)
Computing ML distances based on estimated model parameters... 0.013 sec
Computing BIONJ tree...
0.001 seconds
Log-likelihood of BIONJ tree: -7651.976
--------------------------------------------------------------------
|             INITIALIZING CANDIDATE TREE SET                      |
--------------------------------------------------------------------
Generating 99 parsimony trees... 0.019 second
Computing log-likelihood of 4 initial trees ... 0.004 seconds
Current best score: -7651.976

Do NNI search on 5 best initial trees
Finish initializing candidate tree set (5)
Current best tree score: -7651.976 / CPU time: 0.041
Number of iterations: 5
--------------------------------------------------------------------
|               OPTIMIZING CANDIDATE TREE SET                      |
--------------------------------------------------------------------
UPDATE BEST LOG-LIKELIHOOD: -7651.976
Iteration 10 / LogL: -7651.980 / Time: 0h:0m:0s
Iteration 20 / LogL: -7651.976 / Time: 0h:0m:0s
Iteration 30 / LogL: -7652.204 / Time: 0h:0m:0s (0h:0m:0s left)
Iteration 40 / LogL: -7652.026 / Time: 0h:0m:0s (0h:0m:0s left)
Iteration 50 / LogL: -7651.977 / Time: 0h:0m:0s (0h:0m:0s left)
Log-likelihood cutoff on original alignment: -7652.927
Iteration 60 / LogL: -7652.204 / Time: 0h:0m:0s (0h:0m:0s left)
Iteration 70 / LogL: -7744.335 / Time: 0h:0m:0s (0h:0m:0s left)
Iteration 80 / LogL: -7651.977 / Time: 0h:0m:0s (0h:0m:0s left)
Iteration 90 / LogL: -7652.028 / Time: 0h:0m:0s (0h:0m:0s left)
Iteration 100 / LogL: -7651.976 / Time: 0h:0m:0s (0h:0m:0s left)
Log-likelihood cutoff on original alignment: -7652.927
NOTE: Bootstrap correlation coefficient of split occurrence frequencies: 1.000
TREE SEARCH COMPLETED AFTER 101 ITERATIONS / Time: 0h:0m:0s

--------------------------------------------------------------------
|                    FINALIZING TREE SEARCH                        |
--------------------------------------------------------------------
Performs final model parameters optimization
Estimate model parameters (epsilon = 0.010)
1. Initial log-likelihood: -7651.976
Optimal log-likelihood: -7651.974
Rate parameters:  A-C: 1.35478  A-G: 11.99234  A-T: 0.53851  C-G: 0.28353  C-T: 17.60956  G-T: 1.00000
Base frequencies:  A: 0.221  C: 0.278  G: 0.221  T: 0.279
Site proportion and rates:  (0.101,0.039) (0.101,0.124) (0.100,0.224) (0.100,0.342) (0.100,0.486) (0.100,0.669) (0.099,0.913) (0.099,1.271) (0.099,1.901) (0.101,4.022)
Parameters optimization took 1 rounds (0.013 sec)
BEST SCORE FOUND : -7651.974

Testing tree branches by SH-like aLRT with 1000 replicates...
0.005 sec.
Creating bootstrap support values...
Split supports printed to NEXUS file /home/jaga/reo_virusdb/backend/temp/phylo_nt_1764094131245.splits.nex
Total tree length: 0.121

Total number of iterations: 101
CPU time used for tree search: 4.515 sec (0h:0m:4s)
Wall-clock time used for tree search: 0.588 sec (0h:0m:0s)
Total CPU time used: 6.087 sec (0h:0m:6s)
Total wall-clock time used: 0.826 sec (0h:0m:0s)

Computing bootstrap consensus tree...
Reading input file /home/jaga/reo_virusdb/backend/temp/phylo_nt_1764094131245.splits.nex...
5 taxa and 7 splits.
Consensus tree written to /home/jaga/reo_virusdb/backend/temp/phylo_nt_1764094131245.contree
Reading input trees file /home/jaga/reo_virusdb/backend/temp/phylo_nt_1764094131245.contree
Log-likelihood of consensus tree: -7651.974

Analysis results written to: 
  IQ-TREE report:                /home/jaga/reo_virusdb/backend/temp/phylo_nt_1764094131245.iqtree
  Maximum-likelihood tree:       /home/jaga/reo_virusdb/backend/temp/phylo_nt_1764094131245.treefile
  Likelihood distances:          /home/jaga/reo_virusdb/backend/temp/phylo_nt_1764094131245.mldist

Ultrafast bootstrap approximation results written to:
  Split support values:          /home/jaga/reo_virusdb/backend/temp/phylo_nt_1764094131245.splits.nex
  Consensus tree:                /home/jaga/reo_virusdb/backend/temp/phylo_nt_1764094131245.contree
  Screen log file:               /home/jaga/reo_virusdb/backend/temp/phylo_nt_1764094131245.log

Date and Time: Tue Nov 25 12:08:53 2025
